\BOOKMARK [1][]{section.1}{\376\377\000I\000n\000t\000r\000o\000d\000u\000c\000t\000i\000o\000n}{}% 1
\BOOKMARK [1][]{section.2}{\376\377\000S\000t\000r\000u\000c\000t\000u\000r\000e}{}% 2
\BOOKMARK [2][]{subsection.2.1}{\376\377\000T\000e\000x\000t\000\040\000L\000a\000y\000o\000u\000t}{section.2}% 3
\BOOKMARK [2][]{subsection.2.2}{\376\377\000H\000e\000a\000d\000i\000n\000g\000s}{section.2}% 4
\BOOKMARK [1][]{section.3}{\376\377\000F\000i\000g\000u\000r\000e\000s\000\040\000a\000n\000d\000\040\000T\000a\000b\000l\000e\000s}{}% 5
\BOOKMARK [2][]{subsection.3.1}{\376\377\000F\000i\000g\000u\000r\000e\000s}{section.3}% 6
\BOOKMARK [3][]{subsubsection.3.1.1}{\376\377\000F\000i\000g\000u\000r\000e\000\040\000B\000o\000d\000y}{subsection.3.1}% 7
\BOOKMARK [3][]{subsubsection.3.1.2}{\376\377\000F\000i\000g\000u\000r\000e\000\040\000C\000a\000p\000t\000i\000o\000n\000s}{subsection.3.1}% 8
\BOOKMARK [2][]{subsection.3.2}{\376\377\000T\000a\000b\000l\000e\000s}{section.3}% 9
\BOOKMARK [3][]{subsubsection.3.2.1}{\376\377\000T\000a\000b\000l\000e\000\040\000B\000o\000d\000y}{subsection.3.2}% 10
\BOOKMARK [3][]{subsubsection.3.2.2}{\376\377\000T\000a\000b\000l\000e\000\040\000C\000a\000p\000t\000i\000o\000n\000s\000\040\000\046\000\040\000F\000o\000o\000t\000e\000r}{subsection.3.2}% 11
\BOOKMARK [1][]{section.4}{\376\377\000E\000q\000u\000a\000t\000i\000o\000n\000s\000\040\000a\000n\000d\000\040\000M\000a\000t\000h\000e\000m\000a\000t\000i\000c\000a\000l\000\040\000E\000x\000p\000r\000e\000s\000s\000i\000o\000n\000s}{}% 12
\BOOKMARK [2][]{subsection.4.1}{\376\377\000I\000n\000-\000L\000i\000n\000e\000\040\000S\000t\000y\000l\000e}{section.4}% 13
\BOOKMARK [2][]{subsection.4.2}{\376\377\000D\000i\000s\000p\000l\000a\000y\000\040\000S\000t\000y\000l\000e}{section.4}% 14
\BOOKMARK [2][]{subsection.4.3}{\376\377\000M\000a\000t\000h\000e\000m\000a\000t\000i\000c\000a\000l\000\040\000E\000x\000p\000r\000e\000s\000s\000i\000o\000n\000s}{section.4}% 15
\BOOKMARK [1][]{section.5}{\376\377\000S\000t\000a\000t\000e\000m\000e\000n\000t\000s}{}% 16
\BOOKMARK [1][]{appendix.A.}{\376\377\000A\000p\000p\000e\000n\000d\000i\000x\000\040\000A}{}% 17
\BOOKMARK [2][]{subsection.A.1}{\376\377\000A\000p\000p\000e\000n\000d\000i\000x\000\040\000A\000.\0001}{appendix.A.}% 18
\BOOKMARK [1][]{appendix.B.}{\376\377\000A\000p\000p\000e\000n\000d\000i\000x\000\040\000B}{}% 19
\BOOKMARK [1][]{appendix.C.}{\376\377\000R\000e\000f\000e\000r\000e\000n\000c\000e\000s}{}% 20
